// Jest Snapshot v1, https://goo.gl/fbAQLP

exports[`should render EditExpensesPage 1`] = `
<div>
  <ExpenseForm
    expense={
      Object {
        "amount": 109500,
        "createdAt": -345600000,
        "description": "Espeon",
        "id": "2",
        "note": "",
      }
    }
    onSubmit={[Function]}
  />
  <h4>
    Editing the expense with id of
    2
  </h4>
  <button
    onClick={[Function]}
  >
    Remove
  </button>
</div>
`;
