// Jest Snapshot v1, https://goo.gl/fbAQLP

exports[`should render NotFoundPage correctly 1`] = `
<div>
  404 - The page you were looking for 
  isn't
   here!
   
  <Link
    replace={false}
    to="/"
  >
    Go home.
  </Link>
</div>
`;
